go: downloading github.com/google/uuid v1.6.0
go: downloading github.com/pquerna/otp v1.5.0
go: downloading github.com/jackc/pgx/v5 v5.10.0
go: downloading github.com/oschwald/maxminddb-golang v1.13.1
go: downloading github.com/patrickmn/go-cache v2.1.0+incompatible
go: downloading github.com/stretchr/testify v1.11.1
go: downloading github.com/spf13/cobra v1.9.1
go: downloading golang.org/x/sync v0.19.0
go: downloading github.com/bytedance/sonic v1.13.2
go: downloading github.com/json-iterator/go v1.1.12
go: downloading github.com/goccy/go-json v0.10.5
go: downloading github.com/google/go-cmp v0.7.0
go: downloading github.com/modern-go/reflect2 v1.0.2
go: downloading github.com/modern-go/concurrent v0.0.0-20180306012644-bacd9c7ef1dd
go: downloading github.com/jackc/puddle/v2 v2.2.2
go: downloading github.com/jackc/pgservicefile v0.0.0-20240606120523-5a60cdf6a761
go: downloading github.com/jackc/pgpassfile v1.0.0
go: downloading github.com/boombuler/barcode v1.0.1-0.20190219062509-6c824513bacc
go: downloading github.com/spf13/pflag v1.0.6
go: downloading github.com/inconshreveable/mousetrap v1.1.0
go: downloading github.com/davecgh/go-spew v1.1.1
go: downloading github.com/pmezard/go-difflib v1.0.0
go: downloading golang.org/x/arch v0.15.0
go: downloading github.com/bytedance/sonic/loader v0.2.4
go: downloading github.com/cloudwego/base64x v0.1.5
go: downloading github.com/twitchyliquid64/golang-asm v0.15.1
go: downloading github.com/klauspost/cpuid/v2 v2.2.10
go: downloading gopkg.in/check.v1 v1.0.0-20201130134442-10cb98267c6c
go: downloading github.com/go-playground/assert/v2 v2.2.0
go: downloading github.com/kr/pretty v0.3.0
go: downloading github.com/rogpeppe/go-internal v1.8.0
go: downloading github.com/kr/text v0.2.0
