
> check
> node scripts/project.mjs check --docker


> komari-web@0.0.1 lint
> eslint .


E:\Github\Monitor\komari-web\src\components\Footer.tsx
  46:6  warning  React Hook useEffect has a missing dependency: 'call'. Either include it or remove the dependency array  react-hooks/exhaustive-deps

E:\Github\Monitor\komari-web\src\components\Login.tsx
  47:8  warning  React Hook React.useEffect has an unnecessary dependency: 'autoOpen'. Either exclude it or remove the dependency array. Outer scope values like 'autoOpen' aren't valid dependencies because mutating them doesn't re-render the component  react-hooks/exhaustive-deps

E:\Github\Monitor\komari-web\src\components\Node.tsx
  19:17  warning  Fast refresh only works when a file only exports components. Use a new file to share constants or functions between components  react-refresh/only-export-components

E:\Github\Monitor\komari-web\src\components\admin\AdminPanelBar.tsx
  121:6  warning  React Hook useEffect has a missing dependency: 'call'. Either include it or remove the dependency array            react-hooks/exhaustive-deps
  185:6  warning  React Hook useEffect has a missing dependency: 'isNewerVersion'. Either include it or remove the dependency array  react-hooks/exhaustive-deps

E:\Github\Monitor\komari-web\src\components\ui\button.tsx
  59:18  warning  Fast refresh only works when a file only exports components. Use a new file to share constants or functions between components  react-refresh/only-export-components

E:\Github\Monitor\komari-web\src\contexts\AccountContext.tsx
  60:14  warning  Fast refresh only works when a file only exports components. Use a new file to share constants or functions between components  react-refresh/only-export-components

E:\Github\Monitor\komari-web\src\contexts\AdminNavigationContext.tsx
  33:14  warning  Fast refresh only works when a file only exports components. Use a new file to share constants or functions between components  react-refresh/only-export-components

E:\Github\Monitor\komari-web\src\contexts\LiveDataContext.tsx
  225:14  warning  Fast refresh only works when a file only exports components. Use a new file to share constants or functions between components  react-refresh/only-export-components

E:\Github\Monitor\komari-web\src\contexts\NodeDetailsContext.tsx
  67:14  warning  Fast refresh only works when a file only exports components. Use a new file to share constants or functions between components  react-refresh/only-export-components

E:\Github\Monitor\komari-web\src\contexts\NodeListContext.tsx
  189:17  warning  Fast refresh only works when a file only exports components. Use a new file to share constants or functions between components  react-refresh/only-export-components

E:\Github\Monitor\komari-web\src\contexts\NotificationContext.tsx
  56:14  warning  Fast refresh only works when a file only exports components. Use a new file to share constants or functions between components  react-refresh/only-export-components

E:\Github\Monitor\komari-web\src\contexts\PingTaskContext.tsx
  76:14  warning  Fast refresh only works when a file only exports components. Use a new file to share constants or functions between components  react-refresh/only-export-components

E:\Github\Monitor\komari-web\src\contexts\PublicInfoContext.tsx
  107:14  warning  Fast refresh only works when a file only exports components. Use a new file to share constants or functions between components  react-refresh/only-export-components

E:\Github\Monitor\komari-web\src\contexts\RPC2Context.tsx
  114:14  warning  Fast refresh only works when a file only exports components. Use a new file to share constants or functions between components  react-refresh/only-export-components
  123:14  warning  Fast refresh only works when a file only exports components. Use a new file to share constants or functions between components  react-refresh/only-export-components

E:\Github\Monitor\komari-web\src\features\files\FileContextMenu.tsx
  245:17  warning  Fast refresh only works when a file only exports components. Use a new file to share constants or functions between components  react-refresh/only-export-components

E:\Github\Monitor\komari-web\src\features\files\FileEditorDialog.tsx
  1230:6  warning  React Hook useCallback has unnecessary dependencies: 'activeDocument?.encoding' and 'activeDocument?.language'. Either exclude them or remove the dependency array  react-hooks/exhaustive-deps

E:\Github\Monitor\komari-web\src\main.tsx
  29:7  warning  Fast refresh only works when a file has exports. Move your component(s) to a separate file  react-refresh/only-export-components

E:\Github\Monitor\komari-web\src\pages\admin\account.tsx
  380:6  warning  React Hook React.useEffect has a missing dependency: 't'. Either include it or remove the dependency array  react-hooks/exhaustive-deps

E:\Github\Monitor\komari-web\src\pages\admin\index.tsx
  114:6  warning  React Hook useEffect has a missing dependency: 'refresh'. Either include it or remove the dependency array  react-hooks/exhaustive-deps

E:\Github\Monitor\komari-web\src\pages\admin\log.tsx
  54:6  warning  React Hook React.useEffect has a missing dependency: 'limit'. Either include it or remove the dependency array  react-hooks/exhaustive-deps

✖ 22 problems (0 errors, 22 warnings)


> komari-web@0.0.1 build
> tsc -b && vite build

vite v6.4.2 building for production...
transforming...
✓ 4801 modules transformed.
rendering chunks...
computing gzip size...
dist/registerSW.js                                       0.13 kB
dist/manifest.webmanifest                                0.43 kB
dist/index.html                                          3.03 kB │ gzip:   1.08 kB
dist/assets/codicon-Brq4_Ui5.ttf                       140.96 kB
dist/assets/editor.worker-C7zlFRnD.js                  273.52 kB
dist/assets/_layout-DFQVd-4I.css                         1.14 kB │ gzip:   0.52 kB
dist/assets/NodeDisplay-B499_hnQ.css                     1.83 kB │ gzip:   0.68 kB
dist/assets/dashboard-CUJhNng5.css                       3.13 kB │ gzip:   0.99 kB
dist/assets/eula-D4JKo971.css                           26.58 kB │ gzip:   5.08 kB
dist/assets/FileEditorDialog-Bkorg3V1.css              102.94 kB │ gzip:  16.00 kB
dist/assets/index-BbMfEU8U.css                         764.66 kB │ gzip:  95.66 kB
dist/assets/chunk-internal-B_vxA-SL.js                   0.10 kB │ gzip:   0.12 kB
dist/assets/chunk-legacy_terminal-QUrNTTkR.js            0.21 kB │ gzip:   0.20 kB
dist/assets/chunk-metric-CVOPbj8F.js                     0.22 kB │ gzip:   0.15 kB
dist/assets/chunk-index-Bz7M9tSZ.js                      0.24 kB │ gzip:   0.18 kB
dist/assets/chunk-button-4YsVchEl.js                     0.25 kB │ gzip:   0.21 kB
dist/assets/chunk-icon-button-CtlVUpPo.js                0.26 kB │ gzip:   0.21 kB
dist/assets/chunk-_layout-BE3vosd4.js                    0.27 kB │ gzip:   0.22 kB
dist/assets/chunk-check-C8iBvHyv.js                      0.30 kB │ gzip:   0.25 kB
dist/assets/chunk-chevron-down-adkiL0G9.js               0.31 kB │ gzip:   0.25 kB
dist/assets/chunk-chevron-right-g88X6vl7.js              0.31 kB │ gzip:   0.25 kB
dist/assets/chunk-loader-circle-mCB2Hl00.js              0.32 kB │ gzip:   0.26 kB
dist/assets/chunk-use-mobile-DJCuva8N.js                 0.33 kB │ gzip:   0.25 kB
dist/assets/chunk-plus-D40gO0b-.js                       0.33 kB │ gzip:   0.26 kB
dist/assets/chunk-x-DKQ5whkv.js                          0.33 kB │ gzip:   0.26 kB
dist/assets/chunk-arrow-left-j-vw3D5p.js                 0.34 kB │ gzip:   0.27 kB
dist/assets/chunk-arrow-right-CdKHDSns.js                0.34 kB │ gzip:   0.27 kB
dist/assets/chunk-trending-up-dUCFefdc.js                0.35 kB │ gzip:   0.28 kB
dist/assets/chunk-search-C0vAlst2.js                     0.35 kB │ gzip:   0.28 kB
dist/assets/chunk-gauge-Bh_16J8q.js                      0.36 kB │ gzip:   0.28 kB
dist/assets/chunk-menu-0mIkkGOr.js                       0.37 kB │ gzip:   0.27 kB
dist/assets/chunk-rotate-ccw-BAzNnMER.js                 0.37 kB │ gzip:   0.29 kB
dist/assets/chunk-ellipsis-B96-zkbX.js                   0.41 kB │ gzip:   0.27 kB
dist/assets/chunk-activity-B4JH5nVl.js                   0.41 kB │ gzip:   0.31 kB
dist/assets/chunk-upload-bAWTa3Op.js                     0.41 kB │ gzip:   0.30 kB
dist/assets/chunk-log-in-3DTUKret.js                     0.41 kB │ gzip:   0.30 kB
dist/assets/chunk-download-D_Uyw0Ey.js                   0.41 kB │ gzip:   0.30 kB
dist/assets/chunk-maximize-2-BoeG8hu7.js                 0.41 kB │ gzip:   0.30 kB
dist/assets/chunk-copy-BpYeRIbt.js                       0.42 kB │ gzip:   0.32 kB
dist/assets/chunk-globe-5YGF5A6R.js                      0.42 kB │ gzip:   0.30 kB
dist/assets/chunk-database-CtDw-qcd.js                   0.42 kB │ gzip:   0.31 kB
dist/assets/chunk-eye-8ALRoeVw.js                        0.44 kB │ gzip:   0.31 kB
dist/assets/chunk-triangle-alert-DDJdhMXe.js             0.44 kB │ gzip:   0.32 kB
dist/assets/chunk-pencil-BXsuXA1h.js                     0.46 kB │ gzip:   0.33 kB
dist/assets/chunk-folder-open-DSuyNVbd.js                0.47 kB │ gzip:   0.33 kB
dist/assets/chunk-loginRedirect-CHE0v6GB.js              0.47 kB │ gzip:   0.31 kB
dist/assets/chunk-refresh-cw-BtvMsG5u.js                 0.50 kB │ gzip:   0.33 kB
dist/assets/chunk-save-JezIGo5X.js                       0.51 kB │ gzip:   0.33 kB
dist/assets/chunk-box-CHuVuQxR.js                        0.51 kB │ gzip:   0.34 kB
dist/assets/chunk-file-text-DJus306O.js                  0.51 kB │ gzip:   0.32 kB
dist/assets/chunk-server-Cpz6rDLq.js                     0.52 kB │ gzip:   0.32 kB
dist/assets/chunk-i18nText-BinJewn4.js                   0.53 kB │ gzip:   0.29 kB
dist/assets/chunk-manage-B5A4LoBT.js                     0.53 kB │ gzip:   0.36 kB
dist/assets/chunk-trash-2-Ba_WrKrb.js                    0.54 kB │ gzip:   0.36 kB
dist/assets/chunk-card-CwOAJjQe.js                       0.55 kB │ gzip:   0.36 kB
dist/assets/chunk-NodeDetailsContext--6m2qCBg.js         0.56 kB │ gzip:   0.37 kB
dist/assets/chunk-hard-drive-7R_Gx0zE.js                 0.57 kB │ gzip:   0.38 kB
dist/assets/chunk-AccountContext-CafZ3BTL.js             0.60 kB │ gzip:   0.39 kB
dist/assets/chunk-404-D3VPYSrh.js                        0.66 kB │ gzip:   0.41 kB
dist/assets/chunk-badge-CN-xZEso.js                      0.67 kB │ gzip:   0.43 kB
dist/assets/chunk-azcli-Y6nb8tq_.js                      0.71 kB │ gzip:   0.28 kB
dist/assets/chunk-heading-Czk0Adoa.js                    0.75 kB │ gzip:   0.46 kB
dist/assets/chunk-uiSettings-DX3CBKvl.js                 0.75 kB │ gzip:   0.45 kB
dist/assets/chunk-text-area-C3k8Q7kE.js                  0.80 kB │ gzip:   0.46 kB
dist/assets/chunk-settings-D-LthowL.js                   0.90 kB │ gzip:   0.45 kB
dist/assets/chunk-ini-Kd9XrMLS.js                        0.96 kB │ gzip:   0.50 kB
dist/assets/chunk-useGuideState-B97UpuLJ.js              1.02 kB │ gzip:   0.59 kB
dist/assets/chunk-unitHelper-BG3Bamtv.js                 1.06 kB │ gzip:   0.56 kB
dist/assets/chunk-text-B2GJV5AH.js                       1.15 kB │ gzip:   0.60 kB
dist/assets/chunk-custom-CTMqQZVp.js                     1.16 kB │ gzip:   0.58 kB
dist/assets/chunk-callout-BduKCGN7.js                    1.17 kB │ gzip:   0.60 kB
dist/assets/chunk-csp-D-4FJmMZ.js                        1.28 kB │ gzip:   0.49 kB
dist/assets/chunk-settings-2-lbcDSEjI.js                 1.32 kB │ gzip:   0.54 kB
dist/assets/chunk-index-C_prZpBt.js                      1.50 kB │ gzip:   0.73 kB
dist/assets/chunk-text-field-BXqdxGMk.js                 1.51 kB │ gzip:   0.76 kB
dist/assets/chunk-table-D_Rmqf6r.js                      1.54 kB │ gzip:   0.56 kB
dist/assets/chunk-pla-DSh2-awV.js                        1.55 kB │ gzip:   0.61 kB
dist/assets/chunk-GuideHeader-DcyYDaiD.js                1.60 kB │ gzip:   0.79 kB
dist/assets/chunk-scheme-BPhDTwHR.js                     1.63 kB │ gzip:   0.78 kB
dist/assets/chunk-flow9-BeJ5waoc.js                      1.67 kB │ gzip:   0.81 kB
dist/assets/chunk-tips-mzTgXdMa.js                       1.68 kB │ gzip:   0.81 kB
dist/assets/chunk-sb-BBc9UKZt.js                         1.69 kB │ gzip:   0.79 kB
dist/assets/chunk-bat-BwHxbl9M.js                        1.71 kB │ gzip:   0.83 kB
dist/assets/chunk-dockerfile-BG73LgW2.js                 1.73 kB │ gzip:   0.63 kB
dist/assets/chunk-pascaligo-DtZ0uQbO.js                  1.86 kB │ gzip:   0.87 kB
dist/assets/chunk-lua-Cyyb5UIc.js                        1.99 kB │ gzip:   0.89 kB
dist/assets/chunk-cameligo-Bf6VGUru.js                   2.05 kB │ gzip:   0.92 kB
dist/assets/chunk-graphql-BxJiqAUM.js                    2.12 kB │ gzip:   0.99 kB
dist/assets/chunk-Selector-DFWfQrAS.js                   2.19 kB │ gzip:   1.02 kB
dist/assets/chunk-objective-c-BDtDVThU.js                2.26 kB │ gzip:   1.02 kB
dist/assets/chunk-general-BwBpyxj8.js                    2.27 kB │ gzip:   0.89 kB
dist/assets/chunk-javascript-DkWEEeMK.js                 2.27 kB │ gzip:   1.03 kB
dist/assets/chunk-lexon-OrD6JF1K.js                      2.30 kB │ gzip:   0.89 kB
dist/assets/chunk-appearance-BIrCXVPP.js                 2.37 kB │ gzip:   1.18 kB
dist/assets/chunk-progress-C11aP8Py.js                   2.40 kB │ gzip:   1.14 kB
dist/assets/chunk-bicep-CFznDFnq.js                      2.40 kB │ gzip:   0.93 kB
dist/assets/chunk-sparql-CJmd_6j2.js                     2.41 kB │ gzip:   1.12 kB
dist/assets/chunk-mips-CiqrrVzr.js                       2.44 kB │ gzip:   1.03 kB
dist/assets/chunk-switch-CazOiIJE.js                     2.45 kB │ gzip:   1.26 kB
dist/assets/chunk-api-R3vHkyRc.js                        2.52 kB │ gzip:   1.16 kB
dist/assets/chunk-go-acbASCJo.js                         2.52 kB │ gzip:   1.11 kB
dist/assets/chunk-sophia-CnS9iZB_.js                     2.63 kB │ gzip:   1.17 kB
dist/assets/chunk-typespec-Btyra-wh.js                   2.66 kB │ gzip:   1.05 kB
dist/assets/chunk-m3-B8OfTtLu.js                         2.68 kB │ gzip:   1.28 kB
dist/assets/chunk-LiveDataContext-WQ_6pcg3.js            2.77 kB │ gzip:   1.35 kB
dist/assets/chunk-fsharp-PahG7c26.js                     2.85 kB │ gzip:   1.28 kB
dist/assets/chunk-pascal-vHIfCaH5.js                     2.86 kB │ gzip:   1.36 kB
dist/assets/chunk-shell-DiJ1NA_G.js                      2.94 kB │ gzip:   1.16 kB
dist/assets/chunk-r-j7ic8hl3.js                          2.99 kB │ gzip:   1.24 kB
dist/assets/chunk-base-button-BF-7WebI.js                3.00 kB │ gzip:   1.11 kB
dist/assets/chunk-RestrictedLoginDialog-1zCQZLEO.js      3.05 kB │ gzip:   1.40 kB
dist/assets/chunk-qsharp-Bw9ernYp.js                     3.05 kB │ gzip:   1.37 kB
dist/assets/chunk-java-CXBNlu9o.js                       3.08 kB │ gzip:   1.36 kB
dist/assets/chunk-powershell-COWaemsV.js                 3.13 kB │ gzip:   1.34 kB
dist/assets/chunk-osImageHelper-Dv74qTOj.js              3.19 kB │ gzip:   0.94 kB
dist/assets/chunk-cypher-cTPe9QuQ.js                     3.25 kB │ gzip:   1.40 kB
dist/assets/chunk-kotlin-s7OhZKlX.js                     3.26 kB │ gzip:   1.43 kB
dist/assets/chunk-PriceTags-BD-AI7aE.js                  3.39 kB │ gzip:   1.51 kB
dist/assets/chunk-xml-1twiLNEg.js                        3.39 kB │ gzip:   1.34 kB
dist/assets/chunk-redis-Bu5POkcn.js                      3.42 kB │ gzip:   1.44 kB
dist/assets/chunk-tcl-Dm6ycUr_.js                        3.43 kB │ gzip:   1.33 kB
dist/assets/chunk-coffee-Bd8akH9Z.js                     3.45 kB │ gzip:   1.26 kB
dist/assets/chunk-hcl-DtV1sZF8.js                        3.45 kB │ gzip:   1.45 kB
dist/assets/chunk-tabs-DmBP046n.js                       3.62 kB │ gzip:   1.46 kB
dist/assets/chunk-markdown-BFxVWTOG.js                   3.65 kB │ gzip:   1.35 kB
dist/assets/chunk-restructuredtext-CqXO7rUv.js           3.76 kB │ gzip:   1.33 kB
dist/assets/chunk-less-9HpZscsL.js                       3.76 kB │ gzip:   1.38 kB
dist/assets/chunk-DetailsGrid-o01HEizK.js                3.82 kB │ gzip:   1.24 kB
dist/assets/chunk-apex-DNDY2TF8.js                       3.82 kB │ gzip:   1.73 kB
dist/assets/chunk-segmented-control-DNzF3Esr.js          3.95 kB │ gzip:   1.49 kB
dist/assets/chunk-rust-BzKRNQWT.js                       4.02 kB │ gzip:   1.79 kB
dist/assets/chunk-dart-BOtBlQCF.js                       4.11 kB │ gzip:   1.61 kB
dist/assets/chunk-login-DzaRgjZG.js                      4.15 kB │ gzip:   1.77 kB
dist/assets/chunk-checkbox-BJ8XpIoI.js                   4.26 kB │ gzip:   1.83 kB
dist/assets/chunk-_layout-5fnHYIXP.js                    4.31 kB │ gzip:   1.91 kB
dist/assets/chunk-css-DdJfP1eB.js                        4.37 kB │ gzip:   1.34 kB
dist/assets/chunk-csharp-Co3qMtFm.js                     4.39 kB │ gzip:   1.69 kB
dist/assets/chunk-channels-BUdzaGXf.js                   4.47 kB │ gzip:   1.77 kB
dist/assets/chunk-general-B44LVLrt.js                    4.51 kB │ gzip:   1.99 kB
dist/assets/chunk-pug-8SOpv6rk.js                        4.69 kB │ gzip:   1.61 kB
dist/assets/chunk-msdax-DmeGPVcC.js                      4.77 kB │ gzip:   1.91 kB
dist/assets/chunk-liquid-CxEiRcfE.js                     4.94 kB │ gzip:   2.04 kB
dist/assets/chunk-yaml-BrmRFy2-.js                       5.01 kB │ gzip:   1.91 kB
dist/assets/chunk-swift-Bqt4WxQ4.js                      5.03 kB │ gzip:   2.06 kB
dist/assets/chunk-cpp-BbWJElDN.js                        5.16 kB │ gzip:   2.06 kB
dist/assets/chunk-python-D7IjuSGx.js                     5.18 kB │ gzip:   2.06 kB
dist/assets/chunk-ecl-BEgZUVRK.js                        5.20 kB │ gzip:   2.19 kB
dist/assets/chunk-log-DmzkcXrm.js                        5.46 kB │ gzip:   2.12 kB
dist/assets/chunk-chunkUpload-B1zloQw-.js                5.48 kB │ gzip:   2.46 kB
dist/assets/chunk-vb-Db0cS2oM.js                         5.65 kB │ gzip:   2.02 kB
dist/assets/chunk-mdx-BpbPPLWn.js                        5.79 kB │ gzip:   1.83 kB
dist/assets/chunk-database_recovery-Cej3nsJJ.js          5.79 kB │ gzip:   2.38 kB
dist/assets/chunk-twig-Csy3S7wG.js                       5.84 kB │ gzip:   1.49 kB
dist/assets/chunk-index-DzQvZ0Rs.js                      5.99 kB │ gzip:   2.51 kB
dist/assets/chunk-html-CIw2F1Ri.js                       5.99 kB │ gzip:   1.78 kB
dist/assets/chunk-scss-CBJaRo0y.js                       6.27 kB │ gzip:   1.71 kB
dist/assets/chunk-typescript-DpEgS80R.js                 6.37 kB │ gzip:   2.57 kB
dist/assets/chunk-sign-on-BK0Xewh_.js                    6.82 kB │ gzip:   2.64 kB
dist/assets/chunk-dialog-Cjv69T6C.js                     6.96 kB │ gzip:   2.55 kB
dist/assets/chunk-ConfigFormTabs-BjsB7wOr.js             6.99 kB │ gzip:   2.75 kB
dist/assets/chunk-julia-cl7-CwDS.js                      7.01 kB │ gzip:   2.62 kB
dist/assets/chunk-scala-D9hQfWCl.js                      7.18 kB │ gzip:   2.06 kB
dist/assets/chunk-popover-CKlAENZF.js                    7.20 kB │ gzip:   2.62 kB
dist/assets/chunk-wgsl-BTesnYfV.js                       7.21 kB │ gzip:   2.72 kB
dist/assets/chunk-st-CHwy0fLd.js                         7.26 kB │ gzip:   2.21 kB
dist/assets/chunk-sessions-N_9I9xn4.js                   7.27 kB │ gzip:   2.17 kB
dist/assets/chunk-Index-DQoindVL.js                      7.47 kB │ gzip:   3.09 kB
dist/assets/chunk-systemverilog-Bs9z6M-B.js              7.47 kB │ gzip:   2.72 kB
dist/assets/chunk-postiats-CocnycG-.js                   7.72 kB │ gzip:   2.40 kB
dist/assets/chunk-handlebars-D2zUUjpw.js                 7.75 kB │ gzip:   1.99 kB
dist/assets/chunk-php-BBUBE1dy.js                        7.89 kB │ gzip:   2.04 kB
dist/assets/chunk-flex-DhL0oCRn.js                       7.92 kB │ gzip:   2.18 kB
dist/assets/chunk-perl-Ub6l9XKa.js                       8.12 kB │ gzip:   3.10 kB
dist/assets/chunk-ruby-zBfavPgS.js                       8.37 kB │ gzip:   2.54 kB
dist/assets/chunk-SettingCard-Yoz8TmNg.js                8.47 kB │ gzip:   2.74 kB
dist/assets/chunk-install-BgF1Zmqp.js                    8.54 kB │ gzip:   3.07 kB
dist/assets/chunk-protobuf-Brw8urJB.js                   8.91 kB │ gzip:   2.04 kB
dist/assets/chunk-NodeTable-8Qr59Ty4.js                  9.02 kB │ gzip:   2.81 kB
dist/assets/chunk-pprof-Bkl_5sbF.js                      9.33 kB │ gzip:   3.26 kB
dist/assets/chunk-clojure-Dnu-v4kV.js                    9.51 kB │ gzip:   3.57 kB
dist/assets/chunk-site-B1uwAuAS.js                       9.61 kB │ gzip:   3.35 kB
dist/assets/chunk-razor-BKYe_pe4.js                      9.76 kB │ gzip:   2.68 kB
dist/assets/chunk-elixir-BkW5O-1t.js                    10.12 kB │ gzip:   2.50 kB
dist/assets/chunk-sql-ClhHkBeG.js                       10.16 kB │ gzip:   3.79 kB
dist/assets/chunk-mysql-C_tMU-Nz.js                     11.14 kB │ gzip:   4.01 kB
dist/assets/chunk-account-Bxk96ZX-.js                   11.41 kB │ gzip:   3.68 kB
dist/assets/chunk-ThemeSwitch-BaOuNNlf.js               11.59 kB │ gzip:   3.56 kB
dist/assets/chunk-redshift-Bs9aos_-.js                  11.66 kB │ gzip:   4.30 kB
dist/assets/chunk-offline-D0N-Xk6z.js                   12.28 kB │ gzip:   4.66 kB
dist/assets/chunk-index-itdJYLEW.js                     12.66 kB │ gzip:   4.44 kB
dist/assets/chunk-pgsql-BlNEE0v7.js                     13.33 kB │ gzip:   4.46 kB
dist/assets/chunk-abap-DLDM7-KI.js                      14.03 kB │ gzip:   5.27 kB
dist/assets/chunk-icons-BKMaroYV.js                     14.11 kB │ gzip:   4.67 kB
dist/assets/chunk-database_migration-CIODyrO_.js        15.12 kB │ gzip:   4.97 kB
dist/assets/chunk-about-5hgC8s9i.js                     15.65 kB │ gzip:   6.00 kB
dist/assets/chunk-Node-Axbt428l.js                      15.79 kB │ gzip:   5.76 kB
dist/assets/chunk-require-react-element-wxdBZKLH.js     16.62 kB │ gzip:   6.29 kB
dist/assets/chunk-powerquery-tScXyioY.js                16.80 kB │ gzip:   4.81 kB
dist/assets/chunk-freemarker2-D339r3EJ.js               17.07 kB │ gzip:   4.55 kB
dist/assets/chunk-NodeDisplay-CvZUIbce.js               17.77 kB │ gzip:   6.88 kB
dist/assets/chunk-pingTask-Bk1KHuB4.js                  17.89 kB │ gzip:   5.69 kB
dist/assets/chunk-solidity-Db0IVjzk.js                  18.46 kB │ gzip:   4.41 kB
dist/assets/chunk-encoding-CdcnOaJI.js                  22.60 kB │ gzip:   6.10 kB
dist/assets/chunk-select-jQ9dXO7h.js                    22.69 kB │ gzip:   7.86 kB
dist/assets/chunk-metrics-BVbJHamJ.js                   24.67 kB │ gzip:   7.12 kB
dist/assets/chunk-utils-sElhP03s.js                     24.89 kB │ gzip:   7.94 kB
dist/assets/chunk-dropdown-menu-BZi4UGMr.js             26.11 kB │ gzip:   7.59 kB
dist/assets/chunk-_layout-899RIjHa.js                   34.18 kB │ gzip:  11.45 kB
dist/assets/chunk-index-D2ygDdBc.js                     35.69 kB │ gzip:  12.00 kB
dist/assets/chunk-sortable.esm-C1yLNBNK.js              50.69 kB │ gzip:  16.76 kB
dist/assets/chunk-dashboard-BYQpoY5W.js                 58.29 kB │ gzip:  17.56 kB
dist/assets/chunk-schemas-BAQ2gMm9.js                   69.40 kB │ gzip:  18.60 kB
dist/assets/chunk-index-D6AaEwxw.js                     82.49 kB │ gzip:  22.66 kB
dist/assets/chunk-proxy-Dc4RhM-_.js                    115.18 kB │ gzip:  38.34 kB
dist/assets/chunk-files-DN_MulP1.js                    115.77 kB │ gzip:  36.01 kB
dist/assets/chunk-eula-44zqJZ9T.js                     200.03 kB │ gzip:  64.84 kB
dist/assets/chunk-metricSeries-ChZMtJOU.js             398.86 kB │ gzip: 110.64 kB
dist/assets/chunk-encoding-indexes-CRc_6kg0.js         530.28 kB │ gzip: 187.42 kB
dist/assets/entry-index-DFOrkSGL.js                    688.83 kB │ gzip: 231.31 kB
dist/assets/chunk-FileEditorDialog-DxeJZ7Uj.js       3,089.13 kB │ gzip: 800.77 kB

(!) Some chunks are larger than 800 kB after minification. Consider:
- Using dynamic import() to code-split the application
- Use build.rollupOptions.output.manualChunks to improve chunking: https://rollupjs.org/configuration-options/#output-manualchunks
- Adjust chunk size limit for this warning via build.chunkSizeWarningLimit.
✓ built in 17.61s
Browserslist: browsers data (caniuse-lite) is 16 months old. Please run:
  npx update-browserslist-db@latest
  Why you should do it regularly: https://github.com/browserslist/update-db#readme

PWA v1.0.1
mode      generateSW
precache  508 entries (8238.74 KiB)
files generated
  dist/sw.js
  dist/workbox-8359a6b2.js
Embedded workspace dist, including index.html, and built-in settings schema.

> komari-web@0.0.1 test:ui
> node --test script/onboarding.test.mjs script/ui-settings.test.mjs

✔ unknown guides are ignored and state is normalized (1.6458ms)
✔ new installations and existing nodes get appropriate guidance (0.1723ms)
✔ retired guides cannot block onboarding (0.0977ms)
✔ object patches send only changed keys and preserve explicit empty values (1.631ms)
✔ functional guide update reads current settings but writes only its own key (0.2302ms)
✔ failed writes report errors without poisoning later saves (0.4499ms)
✔ malformed settings responses do not become silent empty settings (0.1598ms)
ℹ tests 7
ℹ suites 0
ℹ pass 7
ℹ fail 0
ℹ cancelled 0
ℹ skipped 0
ℹ todo 0
ℹ duration_ms 114.6831
✔ the backend archive contains this exact frontend and all entry assets (25.8749ms)
✔ retired remote command clients cannot enter the shipped application (26.1313ms)
ℹ tests 2
ℹ suites 0
ℹ pass 2
ℹ fail 0
ℹ cancelled 0
ℹ skipped 0
ℹ todo 0
ℹ duration_ms 110.3129
?   	github.com/komari-monitor/komari	[no test files]
?   	github.com/komari-monitor/komari/cmd	[no test files]
ok  	github.com/komari-monitor/komari/cmd/flags	(cached)
?   	github.com/komari-monitor/komari/database	[no test files]
?   	github.com/komari-monitor/komari/database/accounts	[no test files]
?   	github.com/komari-monitor/komari/database/auditlog	[no test files]
?   	github.com/komari-monitor/komari/database/clients	[no test files]
ok  	github.com/komari-monitor/komari/database/dbcore	(cached)
ok  	github.com/komari-monitor/komari/database/models	(cached)
?   	github.com/komari-monitor/komari/database/models/messageEvent	[no test files]
?   	github.com/komari-monitor/komari/database/records	[no test files]
ok  	github.com/komari-monitor/komari/database/tasks	(cached)
?   	github.com/komari-monitor/komari/internal/config	[no test files]
?   	github.com/komari-monitor/komari/internal/lifecycle	[no test files]
?   	github.com/komari-monitor/komari/internal/managedconfig	[no test files]
ok  	github.com/komari-monitor/komari/internal/metricstore	(cached)
ok  	github.com/komari-monitor/komari/internal/migrations	(cached)
?   	github.com/komari-monitor/komari/internal/notifications	[no test files]
ok  	github.com/komari-monitor/komari/internal/scheduler	(cached)
ok  	github.com/komari-monitor/komari/internal/server	(cached)
ok  	github.com/komari-monitor/komari/internal/sqlitetune	(cached)
ok  	github.com/komari-monitor/komari/internal/uisettings	(cached)
?   	github.com/komari-monitor/komari/komari-web/node_modules/flatted/golang/pkg/flatted	[no test files]
ok  	github.com/komari-monitor/komari/pkg/metric	(cached)
ok  	github.com/komari-monitor/komari/pkg/rpc	(cached)
ok  	github.com/komari-monitor/komari/pkg/timeutil	(cached)
ok  	github.com/komari-monitor/komari/protocol/v2	(cached)
?   	github.com/komari-monitor/komari/utils	[no test files]
ok  	github.com/komari-monitor/komari/utils/geoip	(cached)
?   	github.com/komari-monitor/komari/utils/item	[no test files]
ok  	github.com/komari-monitor/komari/utils/log	(cached)
ok  	github.com/komari-monitor/komari/utils/messageSender	(cached)
ok  	github.com/komari-monitor/komari/utils/messageSender/outboundhttp	(cached)
?   	github.com/komari-monitor/komari/utils/messageSender/webhook	[no test files]
ok  	github.com/komari-monitor/komari/utils/notifier	(cached)
?   	github.com/komari-monitor/komari/utils/renewal	[no test files]
ok  	github.com/komari-monitor/komari/web/agent	(cached)
?   	github.com/komari-monitor/komari/web/api	[no test files]
ok  	github.com/komari-monitor/komari/web/api/admin	(cached)
ok  	github.com/komari-monitor/komari/web/api/client	(cached)
ok  	github.com/komari-monitor/komari/web/api/public	(cached)
ok  	github.com/komari-monitor/komari/web/backup	(cached)
ok  	github.com/komari-monitor/komari/web/connection	(cached)
ok  	github.com/komari-monitor/komari/web/filemanager	0.117s
ok  	github.com/komari-monitor/komari/web/install	(cached)
ok  	github.com/komari-monitor/komari/web/migration	(cached)
?   	github.com/komari-monitor/komari/web/oauth	[no test files]
?   	github.com/komari-monitor/komari/web/oauth/factory	[no test files]
?   	github.com/komari-monitor/komari/web/oauth/generic	[no test files]
?   	github.com/komari-monitor/komari/web/oauth/github	[no test files]
?   	github.com/komari-monitor/komari/web/oauth/qq	[no test files]
ok  	github.com/komari-monitor/komari/web/public	0.097s
ok  	github.com/komari-monitor/komari/web/recovery	(cached)
ok  	github.com/komari-monitor/komari/web/router	(cached)
ok  	github.com/komari-monitor/komari/web/rpc/jsonrpc	(cached)
ok  	github.com/komari-monitor/komari/web/security	(cached)
ok  	github.com/komari-monitor/komari/web/upload	(cached)
